// Jest Snapshot v1, https://goo.gl/fbAQLP

exports[`MainPage should render self and subcomponents 1`] = `
<div
  className="main"
>
  <div
    className="main__page"
  >
    <ConnectedSearch />
    <div
      className="main__chart-area"
    >
      <Hint
        subTitle="Find well and click visualize to appropriate data set"
        title="No Trajectory to display"
      />
    </div>
    <div
      className="main__auth-buttons"
    >
      <a
        className="auth-button"
        href="/login?frontend_state=http%3A%2F%2Flocalhost%2F"
      >
        Login
      </a>
      <a
        className="auth-button"
        href="/logout?frontend_state=http%3A%2F%2Flocalhost%2F"
      >
        Logout
      </a>
    </div>
  </div>
</div>
`;
